[www.cracktheclue3.info/index.html]
[backblue.gif]
[fade.gif]
[index.html]
[images.squarespace-cdn.com/content/63baaa95fac6b23f3a4556cd/1673690970431-3ML61X7XJ2368NYSWWDN/1024px-Clue_scroll_(special)_detail+(1)5d45.png]
[assets.squarespace.com/@sqs/polyfiller/1.6/legacy.js]
[assets.squarespace.com/universal/scripts-compressed/extract-css-runtime-63b0e27d9bfcb49b0f05f-min.en-US.js]
[assets.squarespace.com/@sqs/polyfiller/1.6/modern.js]
[assets.squarespace.com/universal/scripts-compressed/cldr-resource-pack-c6a38111aec507149cb3d-min.en-US.js]
[assets.squarespace.com/universal/scripts-compressed/extract-css-moment-js-vendor-5082e2dab696b020ac83a-min.en-US.js]
[assets.squarespace.com/universal/scripts-compressed/common-vendors-stable-fd2acc815706e38fcfdf0-min.en-US.js]
[static1.squarespace.com/static/versioned-site-css/63baaa95fac6b23f3a4556cd/67/5c5a519771c10ba3470d8101/63baaa95fac6b23f3a4556e6/1341/site.css]
[assets.squarespace.com/universal/scripts-compressed/performance-2b31864e00dd18f9fadd4-min.en-US.js]
[www.cracktheclue3.info/cart.html]
[www.cracktheclue3.info/getting-started.html]
[assets.squarespace.com/universal/scripts-compressed/common-vendors-1e40c2d559aaea1e42779-min.en-US.js]
[www.cracktheclue3.info/original-clues.html]
[www.cracktheclue3.info/community-assets.html]
[www.cracktheclue3.info/tools.html]
[www.cracktheclue3.info/world-map.html]
[assets.squarespace.com/universal/scripts-compressed/common-eafaea618b76bf9d37e6b-min.en-US.js]
[www.cracktheclue3.info/dots.html]
[www.cracktheclue3.info/emotes.html]
[www.cracktheclue3.info/matchcatch.html]
[www.cracktheclue3.info/plusminus.html]
[www.cracktheclue3.info/scimitarshift.html]
[www.cracktheclue3.info/solved.html]
[www.cracktheclue3.info/roadmap.html]
[www.cracktheclue3.info/woox-watch.html]
[www.cracktheclue3.info/hints.html]
[www.cracktheclue3.info/faqs.html]
[www.cracktheclue3.info/_https_/www.youtube.com/embed/l99fQ_dlhGY.20250f.delayed]
[images.squarespace-cdn.com/content/v1/63baaa95fac6b23f3a4556cd/9a1b6881-f6db-41df-b2b2-a2cb4b26c191/2023-01-24_12-12-57.png]
[www.cracktheclue3.info/index.html]
[www.cracktheclue3.info/cart.html]
[images.squarespace-cdn.com/content/63baaa95fac6b23f3a4556cd/1673691354666-16ODO0YV71BB98H017CV/1024px-Clue_scroll_(special)_detail+(1)5d45.png]
[static1.squarespace.com/static/vta/5c5a519771c10ba3470d8101/scripts/site-bundle.99163b73755b8f7c4a34d12baf96779c.js]
[images.squarespace-cdn.com/content/v1/63baaa95fac6b23f3a4556cd/ef4371c7-2840-4d71-8d18-449456e43971/2023-01-11_04-02-08.png]
[images.squarespace-cdn.com/content/v1/63baaa95fac6b23f3a4556cd/fa5a1290-b90f-4e19-b48c-a21f1805b733/2023-01-10_11-23-29.png]
[images.squarespace-cdn.com/content/v1/63baaa95fac6b23f3a4556cd/9620f673-3a12-4f16-85a8-45fbb37f3753/2023-01-10_11-43-33.png]
[assets.squarespace.com/universal/scripts-compressed/commerce-checkout-2aa9f799c8d1c2428bc88-min.en-US.js]
[images.squarespace-cdn.com/content/v1/63baaa95fac6b23f3a4556cd/af44573d-36df-42d6-8f76-c7211c3c2ef5/2023-01-10_11-25-00.png]
[www.cracktheclue3.info/getting-started.html]
[images.squarespace-cdn.com/content/v1/63baaa95fac6b23f3a4556cd/95c5d23f-396d-461f-a83c-d72d988631ba/2023-01-10_11-45-15.png]
[cdn.runescape.com/assets/img/external/oldschool/2022/newsposts/2022-09-23/CTC-1.png]
[cdn.runescape.com/assets/img/external/oldschool/2022/newsposts/2022-09-23/CTC-3.png]
[cdn.runescape.com/assets/img/external/oldschool/2022/newsposts/2022-09-23/CTC-2.png]
[www.cracktheclue3.info/original-clues.html]
[cdn.runescape.com/assets/img/external/oldschool/2022/newsposts/2022-09-23/CTC-4.png]
[images.squarespace-cdn.com/content/v1/63baaa95fac6b23f3a4556cd/43eab577-5ffd-4079-81e5-17bdee65c2de/2023-01-10_11-35-29.png]
[cdn.discordapp.com/attachments/1037483040382918767/1037523732513689700/world_map.png]
[cdn.discordapp.com/attachments/1037483040382918767/1037527510214254712/world_map_with_item_spawns.png]
[i.redd.it/z78hzjojr4j21.png]
[cdn.discordapp.com/attachments/1035640809468473464/1035651020681920603/unknown.png]
[cdn.discordapp.com/attachments/1022908359508250705/1067824917975932979/v9cBTxq.png]
[www.cracktheclue3.info/community-assets.html]
[images.squarespace-cdn.com/content/v1/63baaa95fac6b23f3a4556cd/8ca75958-f26b-45f5-bde2-ca3796d248f4/2023-01-11_04-23-28.png]
[www.cracktheclue3.info/tools.html]
[www.cracktheclue3.info/world-map.html]
[cdn.runescape.com/assets/img/external/oldschool/2022/newsposts/2022-04-26/osrs_world_map_april19_2022.png]
[images.squarespace-cdn.com/content/v1/63baaa95fac6b23f3a4556cd/5a7225e0-dd3e-4a73-b34b-98fadfb1ae5f/2023-01-11_06-42-10.png]
[i.imgur.com/MRgLisM.png]
[i.imgur.com/g7w1Hik.png]
[i.imgur.com/E3PLdBL.png]
[i.imgur.com/sXjPOOK.png]
[i.imgur.com/ItCJA0y.png]
[www.cracktheclue3.info/dots.html]
[cdn.runescape.com/assets/img/external/oldschool/2023/newsposts/2023-01-25/Clue-2-V2.png]
[images.squarespace-cdn.com/content/v1/63baaa95fac6b23f3a4556cd/ad3af54b-6b98-49e1-ab86-73d6bc12a04f/2023-01-11_06-39-03.png]
[i.imgur.com/uhdJv7h.png]
[i.imgur.com/F3vRZLt.png]
[i.imgur.com/fhKN5yZ.png]
[i.imgur.com/UtdpRIg.png]
[www.cracktheclue3.info/emotes.html]
[cdn.runescape.com/assets/img/external/oldschool/2023/newsposts/2023-01-25/Clue-1-V2.png]
[images.squarespace-cdn.com/content/v1/63baaa95fac6b23f3a4556cd/911a8549-0843-4373-9ec4-df638510f3c9/2023-01-10_11-26-31.png]
[images.squarespace-cdn.com/content/v1/63baaa95fac6b23f3a4556cd/231e0b78-8a32-43a9-864b-6a288fdb0361/matchcatch_original.png]
[www.cracktheclue3.info/matchcatch.html]
[images.squarespace-cdn.com/content/v1/63baaa95fac6b23f3a4556cd/53c51161-7322-4218-b82f-1081f6f20643/2023-01-11_07-05-41.png]
[images.squarespace-cdn.com/content/v1/63baaa95fac6b23f3a4556cd/dc4e15e4-0c56-42d7-ae31-6d33b0f21620/plus_minus_original.png]
[www.cracktheclue3.info/plusminus.html]
[images.squarespace-cdn.com/content/v1/63baaa95fac6b23f3a4556cd/20a7f14a-9862-40fc-9793-701c5b559d0d/2023-01-11_07-09-07.png]
[images.squarespace-cdn.com/content/v1/63baaa95fac6b23f3a4556cd/1d1f1102-5325-43a2-85a9-760875d17890/scimitar_clue_original.png]
[www.cracktheclue3.info/scimitarshift.html]
[images.squarespace-cdn.com/content/63baaa95fac6b23f3a4556cd/1673691272402-OJVSQHIBRYGTA2OX6GU6/1024px-Clue_scroll_(special)_detail+(1)5d45.png]
[images.squarespace-cdn.com/content/v1/63baaa95fac6b23f3a4556cd/e38beecd-71a2-4d12-8172-a38af139136c/2023-01-11_03-21-16.png]
[i.ibb.co/5FYSSm2/Museum-clerk-items.jpg]
[images.squarespace-cdn.com/content/v1/63baaa95fac6b23f3a4556cd/b7ee6ce9-3fd9-40ab-97cf-93e18f40b508/museum+clerk.png]
[images.squarespace-cdn.com/content/v1/63baaa95fac6b23f3a4556cd/eb2196cc-7f73-4783-a387-022250817224/2023-01-11_03-35-43.png]
[images.squarespace-cdn.com/content/v1/63baaa95fac6b23f3a4556cd/657fa25e-57c3-4bf0-aec1-55ce7e4b5dc8/Overlayed_Images_HD.png]
[images.squarespace-cdn.com/content/v1/63baaa95fac6b23f3a4556cd/0802a2a5-2454-4c96-9b3e-8626a9900278/unknown.png]
[images.squarespace-cdn.com/content/v1/63baaa95fac6b23f3a4556cd/f67e25ca-3c4d-4b18-86a4-8073c76c5503/2023-01-11_03-44-13.png]
[images.squarespace-cdn.com/content/v1/63baaa95fac6b23f3a4556cd/905e8cd4-9996-4d92-83f3-64344f780e49/horizontal+1.png]
[images.squarespace-cdn.com/content/v1/63baaa95fac6b23f3a4556cd/0d05fc76-d2e4-4a84-951a-3ea9ab7f2a20/unknown.png]
[images.squarespace-cdn.com/content/v1/63baaa95fac6b23f3a4556cd/85b59a9f-965e-479f-8318-f6cebd7ac220/unknown+(1).png]
[images.squarespace-cdn.com/content/v1/63baaa95fac6b23f3a4556cd/37100b50-bb2a-4435-b263-0fee5ac09e6e/2023-01-11_03-22-10.png]
[images.squarespace-cdn.com/content/v1/63baaa95fac6b23f3a4556cd/5be3932a-b533-46ca-9a40-aaf74eef92b3/missing_letters.png]
[images.squarespace-cdn.com/content/v1/63baaa95fac6b23f3a4556cd/3f4ab2e2-d59e-45d2-998b-3cc34879f0d9/skills.png]
[images.squarespace-cdn.com/content/v1/63baaa95fac6b23f3a4556cd/fc2ebd84-abf2-4653-bc14-742f2e8a06d5/missscism.png]
[images.squarespace-cdn.com/content/v1/63baaa95fac6b23f3a4556cd/011b0de3-e37d-4960-b8d5-00228034f141/2023-01-11_03-10-55.png]
[images.squarespace-cdn.com/content/v1/63baaa95fac6b23f3a4556cd/632b0f78-44ff-485d-a9f0-80dcd8ff7705/Osman.png]
[i.ibb.co/mNf0dT2/Osman-clues.png]
[images.squarespace-cdn.com/content/v1/63baaa95fac6b23f3a4556cd/4632ee99-63f8-41ee-aedd-d9eca1c960e8/Osman+items.png]
[images.squarespace-cdn.com/content/v1/63baaa95fac6b23f3a4556cd/72a7a59a-1870-4de3-a6f9-8490f258eb5f/2023-01-10_11-28-09.png]
[images.squarespace-cdn.com/content/v1/63baaa95fac6b23f3a4556cd/155c1138-36a8-407e-b6b2-5087ce81ce07/Magic+numbers.png]
[i.ibb.co/Gk9m8nt/unknown-3.png]
[images.squarespace-cdn.com/content/v1/63baaa95fac6b23f3a4556cd/d5cc4349-87ac-4235-8cd6-e4f0ceb4744e/BeFunky-collage.png]
[images.squarespace-cdn.com/content/v1/63baaa95fac6b23f3a4556cd/137d83dc-92e5-43d5-b88d-e8dcec55acdc/2023-02-02_17-50-58.png]
[www.cracktheclue3.info/solved.html]
[images.squarespace-cdn.com/content/63baaa95fac6b23f3a4556cd/1673691215282-LUJXPIEJ8WYGCBZ7MYB9/1024px-Clue_scroll_(special)_detail+(1)5d45.png]
[images.squarespace-cdn.com/content/v1/63baaa95fac6b23f3a4556cd/899ba01b-cf95-4584-8dd2-74da0fd36515/2023-01-11_03-31-54.png]
[images.squarespace-cdn.com/content/v1/63baaa95fac6b23f3a4556cd/9c37c9cb-3e4b-4b7c-bfdf-8eed425f02a1/Flow-chart.png]
[www.cracktheclue3.info/roadmap.html]
[images.squarespace-cdn.com/content/63baaa95fac6b23f3a4556cd/1673690931761-78AGOKRN6N809F8T90MV/1024px-Clue_scroll_(special)_detail+(1)5d45.png]
[images.squarespace-cdn.com/content/v1/63baaa95fac6b23f3a4556cd/d1570645-a2f9-4c08-b835-b032a3bbcbb7/2023-01-10_11-57-15.png]
[images.squarespace-cdn.com/content/v1/63baaa95fac6b23f3a4556cd/32f39b3b-844e-478b-872b-601bbd912032/e054ab77b4ff3c9002d8a37511c090c8.png]
[www.cracktheclue3.info/woox-watch.html]
[images.squarespace-cdn.com/content/v1/63baaa95fac6b23f3a4556cd/7923b898-cf53-4be8-ab7d-e12813d9ce70/2023-01-10_11-48-11.png]
[www.cracktheclue3.info/hints.html]
[cdn.runescape.com/assets/img/external/oldschool/2023/newsposts/2023-02-01/Clue-3.png]
[images.squarespace-cdn.com/content/63baaa95fac6b23f3a4556cd/1673691069665-P15UB89WE1IO1H9J9X5U/1024px-Clue_scroll_(special)_detail+(1)5d45.png]
[images.squarespace-cdn.com/content/v1/63baaa95fac6b23f3a4556cd/13f204c1-ba87-4ae7-ad0c-39ae86087e0f/2023-01-11_03-17-56.png]
[www.cracktheclue3.info/faqs.html]
[www.cracktheclue3.info/_https_/www.youtube.com/embed/l99fQ_dlhGY6b6f.html]
[www.cracktheclue3.info/_https_/www.youtube.com/embed/l99fQ_dlhGY250f.html]
[use.typekit.net/ik/53QtM42kwoG0fqFeyf6ai19OlgYvDc91XKensvHhPetfelGIfFHN4UJLFRbh52jhWDjDjcByjQquZcBRFcJkwhjDjQbuFQZRZg71MkG0jAFu-WsoShFGZAsude80ZkoRdhXCHKoyjamTiY8Djhy8ZYmC-Ao1Oco8if]
[assets.squarespace.com/@sqs/polyfiller/1.6/legacy.js]
[assets.squarespace.com/universal/images-v6/damask/error-dark.png]
[assets.squarespace.com/@sqs/polyfiller/1.6/modern.js]
[assets.squarespace.com/universal/images-v6/damask/error-dark@2x.png]
[assets.squarespace.com/universal/images-v6/damask/play-button.png]
[assets.squarespace.com/universal/images-v6/damask/play-button@2x.png]
[assets.squarespace.com/universal/images-v6/damask/edit-aviary-light.png]
[assets.squarespace.com/universal/images-v6/damask/edit-aviary-light@2x.png]
[assets.squarespace.com/universal/images-v6/damask/edit-info-light.png]
[assets.squarespace.com/universal/images-v6/damask/edit-info-light@2x.png]
[assets.squarespace.com/universal/images-v6/damask/trash-9-light.png]
[assets.squarespace.com/universal/images-v6/damask/trash-9-light@2x.png]
[assets.squarespace.com/universal/images-v6/damask/trash-9-red.png]
[assets.squarespace.com/universal/images-v6/damask/trash-9-red@2x.png]
[assets.squarespace.com/universal/images-v6/damask/getty-16-light.png]
[assets.squarespace.com/universal/images-v6/damask/getty-32-light.png]
[cdn.discordapp.com/attachments/1037483040382918767/1037523732513689700/world_map.png]
[assets.squarespace.com/universal/images-v6/damask/shopping-cart-16-light.png]
[cdn.discordapp.com/attachments/1037483040382918767/1037527510214254712/world_map_with_item_spawns.png]
[assets.squarespace.com/universal/images-v6/damask/shopping-cart-32-light.png]
[static1.squarespace.com/universal/images-v6/icons/block-indicator-dark.png]
[cdn.discordapp.com/attachments/1035640809468473464/1035651020681920603/unknown.png]
[static1.squarespace.com/universal/images-v6/icons/block-indicator-dark@2x.png]
[cdn.discordapp.com/attachments/1022908359508250705/1067824917975932979/v9cBTxq.png]
[static1.squarespace.com/universal/images-v6/icons/opentable-icons.png]
[static1.squarespace.com/universal/images-v6/icons/icon-searchqueries-20-dark.png]
[static1.squarespace.com/universal/images-v6/icons/icon-searchqueries-20-light.png]
[assets.squarespace.com/universal/images-v6/icons/icon-video-24-light-solid.png]
[i.redd.it/z78hzjojr4j21.png]
[assets.squarespace.com/universal/images-v6/standard/icon_close_7_light.png]
[i.imgur.com/MRgLisM.png]
[assets.squarespace.com/universal/images-v6/icons/icon-settings-16-light.png]
[static1.squarespace.com/static/versioned-site-css/63baaa95fac6b23f3a4556cd/67/5c5a519771c10ba3470d8101/63baaa95fac6b23f3a4556e6/1341/site.css]
[i.imgur.com/g7w1Hik.png]
[assets.squarespace.com/universal/images-v6/damask/error-dark.png]
[assets.squarespace.com/universal/images-v6/damask/error-dark@2x.png]
[assets.squarespace.com/universal/images-v6/damask/play-button.png]
[assets.squarespace.com/universal/images-v6/damask/play-button@2x.png]
[assets.squarespace.com/universal/images-v6/damask/edit-aviary-light.png]
[assets.squarespace.com/universal/images-v6/damask/edit-aviary-light@2x.png]
[assets.squarespace.com/universal/images-v6/damask/edit-info-light.png]
[assets.squarespace.com/universal/images-v6/damask/edit-info-light@2x.png]
[assets.squarespace.com/universal/images-v6/damask/trash-9-light.png]
[assets.squarespace.com/universal/images-v6/damask/trash-9-light@2x.png]
[assets.squarespace.com/universal/images-v6/damask/trash-9-red.png]
[assets.squarespace.com/universal/images-v6/damask/trash-9-red@2x.png]
[assets.squarespace.com/universal/images-v6/damask/getty-16-light.png]
[assets.squarespace.com/universal/images-v6/damask/getty-32-light.png]
[assets.squarespace.com/universal/images-v6/damask/shopping-cart-16-light.png]
[assets.squarespace.com/universal/images-v6/damask/shopping-cart-32-light.png]
[assets.squarespace.com/universal/scripts-compressed/commerce-checkout-2aa9f799c8d1c2428bc88-min.en-US.js]
